INFO 2025-04-13 13:49:13 FaceAlignModelLoader.py: 16] Start to analyze the face landmark model, model path: models, model category: face_alignment，model name: face_alignment_1.0
INFO 2025-04-13 13:49:13 BaseModelLoader.py: 34] Successfully parsed the model configuration file meta.json!
INFO 2025-04-13 13:49:13 FaceAlignModelLoader.py: 32] Successfully loaded the face landmark model!
INFO 2025-04-13 13:49:13 FaceRecModelLoader.py: 16] Start to analyze the face recognition model, model path: models, model category: face_recognition，model name: face_recognition_1.0
INFO 2025-04-13 13:49:13 BaseModelLoader.py: 34] Successfully parsed the model configuration file meta.json!
INFO 2025-04-13 13:49:13 FaceRecModelLoader.py: 34] Successfully loaded the face recognition model!
INFO 2025-04-13 13:56:28 FaceDetModelLoader.py: 16] Start to analyze the face detection model, model path: models, model category: face_detection，model name: face_detection_1.0
INFO 2025-04-13 13:56:28 BaseModelLoader.py: 34] Successfully parsed the model configuration file meta.json!
INFO 2025-04-13 13:56:28 FaceDetModelLoader.py: 37] Successfully loaded the face detection model!
INFO 2025-04-13 13:56:28 FaceAlignModelLoader.py: 16] Start to analyze the face landmark model, model path: models, model category: face_alignment，model name: face_alignment_1.0
INFO 2025-04-13 13:56:28 BaseModelLoader.py: 34] Successfully parsed the model configuration file meta.json!
INFO 2025-04-13 13:56:28 FaceAlignModelLoader.py: 32] Successfully loaded the face landmark model!
INFO 2025-04-13 13:56:28 FaceRecModelLoader.py: 16] Start to analyze the face recognition model, model path: models, model category: face_recognition，model name: face_recognition_1.0
INFO 2025-04-13 13:56:28 BaseModelLoader.py: 34] Successfully parsed the model configuration file meta.json!
INFO 2025-04-13 13:56:28 FaceRecModelLoader.py: 34] Successfully loaded the face recognition model!
INFO 2025-04-13 14:04:28 FaceDetModelLoader.py: 16] Start to analyze the face detection model, model path: models, model category: face_detection，model name: face_detection_1.0
INFO 2025-04-13 14:04:28 BaseModelLoader.py: 34] Successfully parsed the model configuration file meta.json!
INFO 2025-04-13 14:04:28 FaceDetModelLoader.py: 37] Successfully loaded the face detection model!
INFO 2025-04-13 14:04:28 FaceAlignModelLoader.py: 16] Start to analyze the face landmark model, model path: models, model category: face_alignment，model name: face_alignment_1.0
INFO 2025-04-13 14:04:28 BaseModelLoader.py: 34] Successfully parsed the model configuration file meta.json!
INFO 2025-04-13 14:04:29 FaceAlignModelLoader.py: 32] Successfully loaded the face landmark model!
INFO 2025-04-13 14:04:29 FaceRecModelLoader.py: 16] Start to analyze the face recognition model, model path: models, model category: face_recognition，model name: face_recognition_1.0
INFO 2025-04-13 14:04:29 BaseModelLoader.py: 34] Successfully parsed the model configuration file meta.json!
INFO 2025-04-13 14:04:29 FaceRecModelLoader.py: 34] Successfully loaded the face recognition model!
